[2026-03-03T15:43:08.639Z] API Error: [GoogleGenerativeAI Error]: Error fetching from https://generativelanguage.googleapis.com/v1beta/models/gemini-2.5-flash-lite:generateContent: [400 Bad Request] API key not valid. Please pass a valid API key. [{"@type":"type.googleapis.com/google.rpc.ErrorInfo","reason":"API_KEY_INVALID","domain":"googleapis.com","metadata":{"service":"generativelanguage.googleapis.com"}},{"@type":"type.googleapis.com/google.rpc.LocalizedMessage","locale":"en-US","message":"API key not valid. Please pass a valid API key."}]
Stack: Error: [GoogleGenerativeAI Error]: Error fetching from https://generativelanguage.googleapis.com/v1beta/models/gemini-2.5-flash-lite:generateContent: [400 Bad Request] API key not valid. Please pass a valid API key. [{"@type":"type.googleapis.com/google.rpc.ErrorInfo","reason":"API_KEY_INVALID","domain":"googleapis.com","metadata":{"service":"generativelanguage.googleapis.com"}},{"@type":"type.googleapis.com/google.rpc.LocalizedMessage","locale":"en-US","message":"API key not valid. Please pass a valid API key."}]
    at handleResponseNotOk (D:\projects\MockMate\backend\node_modules\@google\generative-ai\dist\index.js:403:11)
    at process.processTicksAndRejections (node:internal/process/task_queues:105:5)
    at async makeRequest (D:\projects\MockMate\backend\node_modules\@google\generative-ai\dist\index.js:376:9)
    at async generateContent (D:\projects\MockMate\backend\node_modules\@google\generative-ai\dist\index.js:819:22)
    at async generateContentWithRetry (D:\projects\MockMate\backend\controllers\aiController.js:14:12)
    at async generateInterviewQuestions (D:\projects\MockMate\backend\controllers\aiController.js:61:20)
[2026-05-30T12:14:24.998Z] API Error: [GoogleGenerativeAI Error]: Error fetching from https://generativelanguage.googleapis.com/v1beta/models/gemini-2.5-flash-lite:generateContent: [400 Bad Request] API key expired. Please renew the API key. [{"@type":"type.googleapis.com/google.rpc.ErrorInfo","reason":"API_KEY_INVALID","domain":"googleapis.com","metadata":{"service":"generativelanguage.googleapis.com"}},{"@type":"type.googleapis.com/google.rpc.LocalizedMessage","locale":"en-US","message":"API key expired. Please renew the API key."}]
Stack: Error: [GoogleGenerativeAI Error]: Error fetching from https://generativelanguage.googleapis.com/v1beta/models/gemini-2.5-flash-lite:generateContent: [400 Bad Request] API key expired. Please renew the API key. [{"@type":"type.googleapis.com/google.rpc.ErrorInfo","reason":"API_KEY_INVALID","domain":"googleapis.com","metadata":{"service":"generativelanguage.googleapis.com"}},{"@type":"type.googleapis.com/google.rpc.LocalizedMessage","locale":"en-US","message":"API key expired. Please renew the API key."}]
    at handleResponseNotOk (D:\projects\MockMate\backend\node_modules\@google\generative-ai\dist\index.js:403:11)
    at process.processTicksAndRejections (node:internal/process/task_queues:105:5)
    at async makeRequest (D:\projects\MockMate\backend\node_modules\@google\generative-ai\dist\index.js:376:9)
    at async generateContent (D:\projects\MockMate\backend\node_modules\@google\generative-ai\dist\index.js:819:22)
    at async generateContentWithRetry (D:\projects\MockMate\backend\controllers\aiController.js:14:12)
    at async generateInterviewQuestions (D:\projects\MockMate\backend\controllers\aiController.js:61:20)
[2026-05-30T12:14:29.216Z] API Error: [GoogleGenerativeAI Error]: Error fetching from https://generativelanguage.googleapis.com/v1beta/models/gemini-2.5-flash-lite:generateContent: [400 Bad Request] API key expired. Please renew the API key. [{"@type":"type.googleapis.com/google.rpc.ErrorInfo","reason":"API_KEY_INVALID","domain":"googleapis.com","metadata":{"service":"generativelanguage.googleapis.com"}},{"@type":"type.googleapis.com/google.rpc.LocalizedMessage","locale":"en-US","message":"API key expired. Please renew the API key."}]
Stack: Error: [GoogleGenerativeAI Error]: Error fetching from https://generativelanguage.googleapis.com/v1beta/models/gemini-2.5-flash-lite:generateContent: [400 Bad Request] API key expired. Please renew the API key. [{"@type":"type.googleapis.com/google.rpc.ErrorInfo","reason":"API_KEY_INVALID","domain":"googleapis.com","metadata":{"service":"generativelanguage.googleapis.com"}},{"@type":"type.googleapis.com/google.rpc.LocalizedMessage","locale":"en-US","message":"API key expired. Please renew the API key."}]
    at handleResponseNotOk (D:\projects\MockMate\backend\node_modules\@google\generative-ai\dist\index.js:403:11)
    at process.processTicksAndRejections (node:internal/process/task_queues:105:5)
    at async makeRequest (D:\projects\MockMate\backend\node_modules\@google\generative-ai\dist\index.js:376:9)
    at async generateContent (D:\projects\MockMate\backend\node_modules\@google\generative-ai\dist\index.js:819:22)
    at async generateContentWithRetry (D:\projects\MockMate\backend\controllers\aiController.js:14:12)
    at async generateInterviewQuestions (D:\projects\MockMate\backend\controllers\aiController.js:61:20)
